[1/2] "C:/Program Files/CMake/bin/cmake.exe" -E chdir ".." "C:/Program Files/CMake/bin/cmake.exe" "C:/Dev/survey_designer/vcpkg_installed/x64-windows/vcpkg/blds/shapelib/src/shapelib-1-d07bb27e46.clean" "-G" "Ninja" "-DCMAKE_BUILD_TYPE=Release" "-DCMAKE_INSTALL_PREFIX=C:/Dev/survey_designer/vcpkg_installed/x64-windows/vcpkg/pkgs/shapelib_x64-windows" "-DFETCHCONTENT_FULLY_DISCONNECTED=ON" "-DBUILD_SHAPELIB_CONTRIB=OFF" "-DBUILD_APPS=OFF" "-DBUILD_TESTING=OFF" "-DUSE_RPATH=OFF" "-DCMAKE_MAKE_PROGRAM=C:/Program Files/Microsoft Visual Studio/2022/Community/Common7/IDE/CommonExtensions/Microsoft/CMake/Ninja/ninja.exe" "-DBUILD_SHARED_LIBS=ON" "-DVCPKG_CHAINLOAD_TOOLCHAIN_FILE=C:/Program Files/Microsoft Visual Studio/2022/Community/VC/vcpkg/scripts/toolchains/windows.cmake" "-DVCPKG_TARGET_TRIPLET=x64-windows" "-DVCPKG_SET_CHARSET_FLAG=ON" "-DVCPKG_PLATFORM_TOOLSET=v143" "-DCMAKE_EXPORT_NO_PACKAGE_REGISTRY=ON" "-DCMAKE_FIND_PACKAGE_NO_PACKAGE_REGISTRY=ON" "-DCMAKE_FIND_PACKAGE_NO_SYSTEM_PACKAGE_REGISTRY=ON" "-DCMAKE_INSTALL_SYSTEM_RUNTIME_LIBS_SKIP=TRUE" "-DCMAKE_VERBOSE_MAKEFILE=ON" "-DVCPKG_APPLOCAL_DEPS=OFF" "-DCMAKE_TOOLCHAIN_FILE=C:/Program Files/Microsoft Visual Studio/2022/Community/VC/vcpkg/scripts/buildsystems/vcpkg.cmake" "-DCMAKE_ERROR_ON_ABSOLUTE_INSTALL_DESTINATION=ON" "-DVCPKG_CXX_FLAGS=" "-DVCPKG_CXX_FLAGS_RELEASE=" "-DVCPKG_CXX_FLAGS_DEBUG=" "-DVCPKG_C_FLAGS=" "-DVCPKG_C_FLAGS_RELEASE=" "-DVCPKG_C_FLAGS_DEBUG=" "-DVCPKG_CRT_LINKAGE=dynamic" "-DVCPKG_LINKER_FLAGS=" "-DVCPKG_LINKER_FLAGS_RELEASE=" "-DVCPKG_LINKER_FLAGS_DEBUG=" "-DVCPKG_TARGET_ARCHITECTURE=x64" "-DCMAKE_INSTALL_LIBDIR:STRING=lib" "-DCMAKE_INSTALL_BINDIR:STRING=bin" "-D_VCPKG_ROOT_DIR=C:/Program Files/Microsoft Visual Studio/2022/Community/VC/vcpkg/" "-D_VCPKG_INSTALLED_DIR=C:/Dev/survey_designer/vcpkg_installed/x64-windows/" "-DVCPKG_MANIFEST_INSTALL=OFF"
CMake Deprecation Warning at C:/Program Files/Microsoft Visual Studio/2022/Community/VC/vcpkg/scripts/buildsystems/vcpkg.cmake:40 (cmake_policy):
  Compatibility with CMake < 3.10 will be removed from a future version of
  CMake.

  Update the VERSION argument <min> value or use a ...<max> suffix to tell
  CMake that the project does not need compatibility with older versions.
Call Stack (most recent call first):
  C:/Program Files/CMake/share/cmake-3.31/Modules/CMakeDetermineSystem.cmake:146 (include)
  CMakeLists.txt:12 (project)


CMake Deprecation Warning at C:/Program Files/Microsoft Visual Studio/2022/Community/VC/vcpkg/scripts/buildsystems/vcpkg.cmake:878 (cmake_policy):
  Compatibility with CMake < 3.10 will be removed from a future version of
  CMake.

  Update the VERSION argument <min> value or use a ...<max> suffix to tell
  CMake that the project does not need compatibility with older versions.
Call Stack (most recent call first):
  C:/Program Files/CMake/share/cmake-3.31/Modules/CMakeDetermineSystem.cmake:146 (include)
  CMakeLists.txt:12 (project)


CMake Deprecation Warning at C:/Program Files/Microsoft Visual Studio/2022/Community/VC/vcpkg/scripts/buildsystems/vcpkg.cmake:40 (cmake_policy):
  Compatibility with CMake < 3.10 will be removed from a future version of
  CMake.

  Update the VERSION argument <min> value or use a ...<max> suffix to tell
  CMake that the project does not need compatibility with older versions.
Call Stack (most recent call first):
  C:/Dev/survey_designer/vcpkg_installed/x64-windows/vcpkg/blds/shapelib/x64-windows-rel/CMakeFiles/3.31.0-rc3/CMakeSystem.cmake:6 (include)
  CMakeLists.txt:12 (project)


-- The C compiler identification is MSVC 19.42.34433.0
-- The CXX compiler identification is MSVC 19.42.34433.0
-- Detecting C compiler ABI info
CMake Deprecation Warning at C:/Program Files/Microsoft Visual Studio/2022/Community/VC/vcpkg/scripts/buildsystems/vcpkg.cmake:40 (cmake_policy):
  Compatibility with CMake < 3.10 will be removed from a future version of
  CMake.

  Update the VERSION argument <min> value or use a ...<max> suffix to tell
  CMake that the project does not need compatibility with older versions.
Call Stack (most recent call first):
  C:/Dev/survey_designer/vcpkg_installed/x64-windows/vcpkg/blds/shapelib/x64-windows-rel/CMakeFiles/3.31.0-rc3/CMakeSystem.cmake:6 (include)
  C:/Dev/survey_designer/vcpkg_installed/x64-windows/vcpkg/blds/shapelib/x64-windows-rel/CMakeFiles/CMakeScratch/TryCompile-u1p2yu/CMakeLists.txt:6 (project)


CMake Deprecation Warning at C:/Program Files/Microsoft Visual Studio/2022/Community/VC/vcpkg/scripts/buildsystems/vcpkg.cmake:878 (cmake_policy):
  Compatibility with CMake < 3.10 will be removed from a future version of
  CMake.

  Update the VERSION argument <min> value or use a ...<max> suffix to tell
  CMake that the project does not need compatibility with older versions.
Call Stack (most recent call first):
  C:/Dev/survey_designer/vcpkg_installed/x64-windows/vcpkg/blds/shapelib/x64-windows-rel/CMakeFiles/3.31.0-rc3/CMakeSystem.cmake:6 (include)
  C:/Dev/survey_designer/vcpkg_installed/x64-windows/vcpkg/blds/shapelib/x64-windows-rel/CMakeFiles/CMakeScratch/TryCompile-u1p2yu/CMakeLists.txt:6 (project)


-- Detecting C compiler ABI info - done
-- Check for working C compiler: C:/Program Files/Microsoft Visual Studio/2022/Community/VC/Tools/MSVC/14.42.34433/bin/Hostx64/x64/cl.exe - skipped
-- Detecting C compile features
-- Detecting C compile features - done
-- Detecting CXX compiler ABI info
CMake Deprecation Warning at C:/Program Files/Microsoft Visual Studio/2022/Community/VC/vcpkg/scripts/buildsystems/vcpkg.cmake:40 (cmake_policy):
  Compatibility with CMake < 3.10 will be removed from a future version of
  CMake.

  Update the VERSION argument <min> value or use a ...<max> suffix to tell
  CMake that the project does not need compatibility with older versions.
Call Stack (most recent call first):
  C:/Dev/survey_designer/vcpkg_installed/x64-windows/vcpkg/blds/shapelib/x64-windows-rel/CMakeFiles/3.31.0-rc3/CMakeSystem.cmake:6 (include)
  C:/Dev/survey_designer/vcpkg_installed/x64-windows/vcpkg/blds/shapelib/x64-windows-rel/CMakeFiles/CMakeScratch/TryCompile-5jn47e/CMakeLists.txt:6 (project)


CMake Deprecation Warning at C:/Program Files/Microsoft Visual Studio/2022/Community/VC/vcpkg/scripts/buildsystems/vcpkg.cmake:878 (cmake_policy):
  Compatibility with CMake < 3.10 will be removed from a future version of
  CMake.

  Update the VERSION argument <min> value or use a ...<max> suffix to tell
  CMake that the project does not need compatibility with older versions.
Call Stack (most recent call first):
  C:/Dev/survey_designer/vcpkg_installed/x64-windows/vcpkg/blds/shapelib/x64-windows-rel/CMakeFiles/3.31.0-rc3/CMakeSystem.cmake:6 (include)
  C:/Dev/survey_designer/vcpkg_installed/x64-windows/vcpkg/blds/shapelib/x64-windows-rel/CMakeFiles/CMakeScratch/TryCompile-5jn47e/CMakeLists.txt:6 (project)


-- Detecting CXX compiler ABI info - done
-- Check for working CXX compiler: C:/Program Files/Microsoft Visual Studio/2022/Community/VC/Tools/MSVC/14.42.34433/bin/Hostx64/x64/cl.exe - skipped
-- Detecting CXX compile features
-- Detecting CXX compile features - done
-- CMake version = 3.31.0-rc3
-- CMAKE_SYSTEM_NAME = Windows
-- CMAKE_INSTALL_LIBDIR lib
-- WARNING: bash not available so disabling testing
-- Configuring done (1.2s)
-- Generating done (0.0s)
CMake Warning:
  Manually-specified variables were not used by the project:

    FETCHCONTENT_FULLY_DISCONNECTED
    _VCPKG_ROOT_DIR


-- Build files have been written to: C:/Dev/survey_designer/vcpkg_installed/x64-windows/vcpkg/blds/shapelib/x64-windows-rel
[2/2] "C:/Program Files/CMake/bin/cmake.exe" -E chdir "../../x64-windows-dbg" "C:/Program Files/CMake/bin/cmake.exe" "C:/Dev/survey_designer/vcpkg_installed/x64-windows/vcpkg/blds/shapelib/src/shapelib-1-d07bb27e46.clean" "-G" "Ninja" "-DCMAKE_BUILD_TYPE=Debug" "-DCMAKE_INSTALL_PREFIX=C:/Dev/survey_designer/vcpkg_installed/x64-windows/vcpkg/pkgs/shapelib_x64-windows/debug" "-DFETCHCONTENT_FULLY_DISCONNECTED=ON" "-DBUILD_SHAPELIB_CONTRIB=OFF" "-DBUILD_APPS=OFF" "-DBUILD_TESTING=OFF" "-DUSE_RPATH=OFF" "-DCMAKE_MAKE_PROGRAM=C:/Program Files/Microsoft Visual Studio/2022/Community/Common7/IDE/CommonExtensions/Microsoft/CMake/Ninja/ninja.exe" "-DBUILD_SHARED_LIBS=ON" "-DVCPKG_CHAINLOAD_TOOLCHAIN_FILE=C:/Program Files/Microsoft Visual Studio/2022/Community/VC/vcpkg/scripts/toolchains/windows.cmake" "-DVCPKG_TARGET_TRIPLET=x64-windows" "-DVCPKG_SET_CHARSET_FLAG=ON" "-DVCPKG_PLATFORM_TOOLSET=v143" "-DCMAKE_EXPORT_NO_PACKAGE_REGISTRY=ON" "-DCMAKE_FIND_PACKAGE_NO_PACKAGE_REGISTRY=ON" "-DCMAKE_FIND_PACKAGE_NO_SYSTEM_PACKAGE_REGISTRY=ON" "-DCMAKE_INSTALL_SYSTEM_RUNTIME_LIBS_SKIP=TRUE" "-DCMAKE_VERBOSE_MAKEFILE=ON" "-DVCPKG_APPLOCAL_DEPS=OFF" "-DCMAKE_TOOLCHAIN_FILE=C:/Program Files/Microsoft Visual Studio/2022/Community/VC/vcpkg/scripts/buildsystems/vcpkg.cmake" "-DCMAKE_ERROR_ON_ABSOLUTE_INSTALL_DESTINATION=ON" "-DVCPKG_CXX_FLAGS=" "-DVCPKG_CXX_FLAGS_RELEASE=" "-DVCPKG_CXX_FLAGS_DEBUG=" "-DVCPKG_C_FLAGS=" "-DVCPKG_C_FLAGS_RELEASE=" "-DVCPKG_C_FLAGS_DEBUG=" "-DVCPKG_CRT_LINKAGE=dynamic" "-DVCPKG_LINKER_FLAGS=" "-DVCPKG_LINKER_FLAGS_RELEASE=" "-DVCPKG_LINKER_FLAGS_DEBUG=" "-DVCPKG_TARGET_ARCHITECTURE=x64" "-DCMAKE_INSTALL_LIBDIR:STRING=lib" "-DCMAKE_INSTALL_BINDIR:STRING=bin" "-D_VCPKG_ROOT_DIR=C:/Program Files/Microsoft Visual Studio/2022/Community/VC/vcpkg/" "-D_VCPKG_INSTALLED_DIR=C:/Dev/survey_designer/vcpkg_installed/x64-windows/" "-DVCPKG_MANIFEST_INSTALL=OFF"
CMake Deprecation Warning at C:/Program Files/Microsoft Visual Studio/2022/Community/VC/vcpkg/scripts/buildsystems/vcpkg.cmake:40 (cmake_policy):
  Compatibility with CMake < 3.10 will be removed from a future version of
  CMake.

  Update the VERSION argument <min> value or use a ...<max> suffix to tell
  CMake that the project does not need compatibility with older versions.
Call Stack (most recent call first):
  C:/Program Files/CMake/share/cmake-3.31/Modules/CMakeDetermineSystem.cmake:146 (include)
  CMakeLists.txt:12 (project)


CMake Deprecation Warning at C:/Program Files/Microsoft Visual Studio/2022/Community/VC/vcpkg/scripts/buildsystems/vcpkg.cmake:878 (cmake_policy):
  Compatibility with CMake < 3.10 will be removed from a future version of
  CMake.

  Update the VERSION argument <min> value or use a ...<max> suffix to tell
  CMake that the project does not need compatibility with older versions.
Call Stack (most recent call first):
  C:/Program Files/CMake/share/cmake-3.31/Modules/CMakeDetermineSystem.cmake:146 (include)
  CMakeLists.txt:12 (project)


CMake Deprecation Warning at C:/Program Files/Microsoft Visual Studio/2022/Community/VC/vcpkg/scripts/buildsystems/vcpkg.cmake:40 (cmake_policy):
  Compatibility with CMake < 3.10 will be removed from a future version of
  CMake.

  Update the VERSION argument <min> value or use a ...<max> suffix to tell
  CMake that the project does not need compatibility with older versions.
Call Stack (most recent call first):
  C:/Dev/survey_designer/vcpkg_installed/x64-windows/vcpkg/blds/shapelib/x64-windows-dbg/CMakeFiles/3.31.0-rc3/CMakeSystem.cmake:6 (include)
  CMakeLists.txt:12 (project)


-- The C compiler identification is MSVC 19.42.34433.0
-- The CXX compiler identification is MSVC 19.42.34433.0
-- Detecting C compiler ABI info
CMake Deprecation Warning at C:/Program Files/Microsoft Visual Studio/2022/Community/VC/vcpkg/scripts/buildsystems/vcpkg.cmake:40 (cmake_policy):
  Compatibility with CMake < 3.10 will be removed from a future version of
  CMake.

  Update the VERSION argument <min> value or use a ...<max> suffix to tell
  CMake that the project does not need compatibility with older versions.
Call Stack (most recent call first):
  C:/Dev/survey_designer/vcpkg_installed/x64-windows/vcpkg/blds/shapelib/x64-windows-dbg/CMakeFiles/3.31.0-rc3/CMakeSystem.cmake:6 (include)
  C:/Dev/survey_designer/vcpkg_installed/x64-windows/vcpkg/blds/shapelib/x64-windows-dbg/CMakeFiles/CMakeScratch/TryCompile-c61krk/CMakeLists.txt:6 (project)


CMake Deprecation Warning at C:/Program Files/Microsoft Visual Studio/2022/Community/VC/vcpkg/scripts/buildsystems/vcpkg.cmake:878 (cmake_policy):
  Compatibility with CMake < 3.10 will be removed from a future version of
  CMake.

  Update the VERSION argument <min> value or use a ...<max> suffix to tell
  CMake that the project does not need compatibility with older versions.
Call Stack (most recent call first):
  C:/Dev/survey_designer/vcpkg_installed/x64-windows/vcpkg/blds/shapelib/x64-windows-dbg/CMakeFiles/3.31.0-rc3/CMakeSystem.cmake:6 (include)
  C:/Dev/survey_designer/vcpkg_installed/x64-windows/vcpkg/blds/shapelib/x64-windows-dbg/CMakeFiles/CMakeScratch/TryCompile-c61krk/CMakeLists.txt:6 (project)


-- Detecting C compiler ABI info - done
-- Check for working C compiler: C:/Program Files/Microsoft Visual Studio/2022/Community/VC/Tools/MSVC/14.42.34433/bin/Hostx64/x64/cl.exe - skipped
-- Detecting C compile features
-- Detecting C compile features - done
-- Detecting CXX compiler ABI info
CMake Deprecation Warning at C:/Program Files/Microsoft Visual Studio/2022/Community/VC/vcpkg/scripts/buildsystems/vcpkg.cmake:40 (cmake_policy):
  Compatibility with CMake < 3.10 will be removed from a future version of
  CMake.

  Update the VERSION argument <min> value or use a ...<max> suffix to tell
  CMake that the project does not need compatibility with older versions.
Call Stack (most recent call first):
  C:/Dev/survey_designer/vcpkg_installed/x64-windows/vcpkg/blds/shapelib/x64-windows-dbg/CMakeFiles/3.31.0-rc3/CMakeSystem.cmake:6 (include)
  C:/Dev/survey_designer/vcpkg_installed/x64-windows/vcpkg/blds/shapelib/x64-windows-dbg/CMakeFiles/CMakeScratch/TryCompile-bvipzb/CMakeLists.txt:6 (project)


CMake Deprecation Warning at C:/Program Files/Microsoft Visual Studio/2022/Community/VC/vcpkg/scripts/buildsystems/vcpkg.cmake:878 (cmake_policy):
  Compatibility with CMake < 3.10 will be removed from a future version of
  CMake.

  Update the VERSION argument <min> value or use a ...<max> suffix to tell
  CMake that the project does not need compatibility with older versions.
Call Stack (most recent call first):
  C:/Dev/survey_designer/vcpkg_installed/x64-windows/vcpkg/blds/shapelib/x64-windows-dbg/CMakeFiles/3.31.0-rc3/CMakeSystem.cmake:6 (include)
  C:/Dev/survey_designer/vcpkg_installed/x64-windows/vcpkg/blds/shapelib/x64-windows-dbg/CMakeFiles/CMakeScratch/TryCompile-bvipzb/CMakeLists.txt:6 (project)


-- Detecting CXX compiler ABI info - done
-- Check for working CXX compiler: C:/Program Files/Microsoft Visual Studio/2022/Community/VC/Tools/MSVC/14.42.34433/bin/Hostx64/x64/cl.exe - skipped
-- Detecting CXX compile features
-- Detecting CXX compile features - done
-- CMake version = 3.31.0-rc3
-- CMAKE_SYSTEM_NAME = Windows
-- CMAKE_INSTALL_LIBDIR lib
-- WARNING: bash not available so disabling testing
-- Configuring done (1.2s)
-- Generating done (0.0s)
CMake Warning:
  Manually-specified variables were not used by the project:

    FETCHCONTENT_FULLY_DISCONNECTED
    _VCPKG_ROOT_DIR


-- Build files have been written to: C:/Dev/survey_designer/vcpkg_installed/x64-windows/vcpkg/blds/shapelib/x64-windows-dbg
